../Core/user/irTime.h:35:7:bool IrSignalTime::signalIn()	16	static
../Core/user/ir_parser.h:39:11:uint16_t IR_Parser::GetCode()	16	static
../Core/user/ir_parser.h:40:14:const char* IR_Parser::GetBtnName()	16	static
../Core/user/ir_parser.h:41:7:void IR_Parser::ResetState()	16	static
../Core/user/username.cpp:36:17:void usermain()	32	static
../Core/user/username.cpp:96:6:void flash_LD1()	16	static
../Core/user/username.cpp:118:6:void ShowIrCode(IR_State)	64	static
../Core/user/username.cpp:166:16:int __io_putchar(int)	16	static
../Core/user/username.cpp:175:6:void HAL_GPIO_EXTI_Callback(uint16_t)	16	static
../Core/user/username.cpp:187:6:void hw2_uid()	96	static
../Core/user/username.cpp:239:1:void __static_initialization_and_destruction_0(int, int)	16	static
../Core/user/username.cpp:239:1:cpp)	8	static
