../Core/user/ir_relay/user/usermain.cpp:34:6:void usermain()	8	static
../Core/user/ir_relay/user/usermain.cpp:57:6:void HAL_TIM_PeriodElapsedCallback(TIM_HandleTypeDef*)	16	static
../Core/user/ir_relay/user/usermain.cpp:69:6:void HAL_GPIO_EXTI_Callback(uint16_t)	16	static
../Core/user/ir_relay/user/usermain.cpp:93:6:void init_oled()	24	static
../Core/user/ir_relay/user/usermain.cpp:120:6:void flash_LD1()	16	static
../Core/user/ir_relay/user/usermain.cpp:142:16:int __io_putchar(int)	16	static
../Core/user/ir_relay/user/usermain.cpp:147:1:void __static_initialization_and_destruction_0(int, int)	16	static
../Core/user/ir_relay/user/usermain.cpp:147:1:cpp)	8	static
